// Jest Snapshot v1, https://goo.gl/fbAQLP

exports[`Layout Generation Orchestrator Integration Test should generate a layout, transform it into a node tree, and validate it 1`] = `"{"ROOT":{"type":{"resolvedName":"Background"},"isCanvas":true,"props":{"rows":10,"columns":10,"lockedGrid":true,"backgroundColor":"#FFFFFF","layout":[{"i":"0","x":0,"y":0,"w":10,"h":1},{"i":"1","x":0,"y":1,"w":1,"h":9},{"i":"2","x":1,"y":1,"w":7,"h":7},{"i":"3","x":8,"y":1,"w":2,"h":3},{"i":"4","x":8,"y":4,"w":2,"h":2},{"i":"5","x":1,"y":8,"w":9,"h":2}]},"displayName":"Background","custom":{},"parent":null,"hidden":false,"nodes":[],"linkedNodes":{"0":"HeaderGridCell","1":"SidebarGridCell","2":"MainDocumentAreaGridCell","3":"PageLayoutGridCell","4":"FontSettingsGridCell","5":"FooterGridCell"}},"HeaderGridCell":{"type":{"resolvedName":"GridCell"},"isCanvas":true,"props":{"flexDirection":"row","justifyContent":"center","alignItems":"center","gap":10},"displayName":"GridCell","custom":{"id":"0"},"parent":"ROOT","hidden":false,"nodes":["HeaderContainer"],"linkedNodes":{}},"HeaderContainer":{"type":{"resolvedName":"Container"},"isCanvas":true,"props":{"height":100,"width":100,"flexDirection":"row","justifyContent":"space-around","alignItems":"center","gap":10,"backgroundColor":"#E1DFDD","borderRadius":5,"borderColor":"#C8C6C4","padding":5,"shadowColor":"rgba(0, 0, 0, 0.6)","shadowOffsetX":2,"shadowOffsetY":2,"shadowBlur":2},"displayName":"Container","custom":{},"parent":"HeaderGridCell","hidden":false,"nodes":["HeaderLabel0"],"linkedNodes":{}},"HeaderLabel0":{"type":{"resolvedName":"Label"},"isCanvas":false,"props":{"text":"Microsoft Word","fontSize":32,"fontFamily":"IBM Plex Sans","fontColor":"#252423","userEditable":true,"textAlign":"left","icon":"none","hyperlink":"","bold":true,"italic":false,"underline":false},"displayName":"Label","custom":{},"parent":"HeaderContainer","hidden":false,"nodes":[],"linkedNodes":{}},"SidebarGridCell":{"type":{"resolvedName":"GridCell"},"isCanvas":true,"props":{"flexDirection":"row","justifyContent":"center","alignItems":"center","gap":10},"displayName":"GridCell","custom":{"id":"1"},"parent":"ROOT","hidden":false,"nodes":["SidebarContainer"],"linkedNodes":{}},"SidebarContainer":{"type":{"resolvedName":"Container"},"isCanvas":true,"props":{"height":100,"width":100,"flexDirection":"column","justifyContent":"space-around","alignItems":"center","gap":10,"backgroundColor":"#F3F2F1","borderRadius":5,"borderColor":"#E1DFDD","padding":5,"shadowColor":"rgba(0, 0, 0, 0.6)","shadowOffsetX":2,"shadowOffsetY":2,"shadowBlur":2},"displayName":"Container","custom":{},"parent":"SidebarGridCell","hidden":false,"nodes":["SidebarIcon0","SidebarIcon1","SidebarIcon2"],"linkedNodes":{}},"SidebarIcon0":{"type":{"resolvedName":"Icon"},"isCanvas":false,"props":{"vscIcon":"VscComment","iconSize":32,"iconColor":"#2B579A","hyperlink":""},"displayName":"Icon","custom":{},"parent":"SidebarContainer","hidden":false,"nodes":[],"linkedNodes":{}},"SidebarIcon1":{"type":{"resolvedName":"Icon"},"isCanvas":false,"props":{"vscIcon":"VscFolder","iconSize":32,"iconColor":"#2B579A","hyperlink":""},"displayName":"Icon","custom":{},"parent":"SidebarContainer","hidden":false,"nodes":[],"linkedNodes":{}},"SidebarIcon2":{"type":{"resolvedName":"Icon"},"isCanvas":false,"props":{"vscIcon":"VscSettings","iconSize":32,"iconColor":"#2B579A","hyperlink":""},"displayName":"Icon","custom":{},"parent":"SidebarContainer","hidden":false,"nodes":[],"linkedNodes":{}},"MainDocumentAreaGridCell":{"type":{"resolvedName":"GridCell"},"isCanvas":true,"props":{"flexDirection":"row","justifyContent":"center","alignItems":"center","gap":10},"displayName":"GridCell","custom":{"id":"2"},"parent":"ROOT","hidden":false,"nodes":["MainDocumentAreaContainer"],"linkedNodes":{}},"MainDocumentAreaContainer":{"type":{"resolvedName":"Container"},"isCanvas":true,"props":{"height":100,"width":100,"flexDirection":"column","justifyContent":"space-around","alignItems":"center","gap":10,"backgroundColor":"#FFFFFF","borderRadius":5,"borderColor":"#D2D0CE","padding":5,"shadowColor":"rgba(0, 0, 0, 0.6)","shadowOffsetX":2,"shadowOffsetY":2,"shadowBlur":2},"displayName":"Container","custom":{},"parent":"MainDocumentAreaGridCell","hidden":false,"nodes":["MainDocumentAreaText0","MainDocumentAreaInput1"],"linkedNodes":{}},"MainDocumentAreaText0":{"type":{"resolvedName":"Text"},"isCanvas":false,"props":{"text":"Lorem ipsum dolor sit amet, consectetur adipiscing elit, sed do eiusmod tempor incididunt ut labore et dolore magna aliqua. Ut enim ad minim veniam, quis nostrud exercitation ullamco laboris nisi ut aliquip ex ea commodo consequat.","fontSize":14,"fontFamily":"IBM Plex Sans","fontColor":"#2B579A","textAlign":"left","bold":false,"italic":false,"underline":false,"hyperlink":"","userEditable":true},"displayName":"Text","custom":{},"parent":"MainDocumentAreaContainer","hidden":false,"nodes":[],"linkedNodes":{}},"MainDocumentAreaInput1":{"type":{"resolvedName":"Input"},"isCanvas":false,"props":{"fontSize":14,"fontFamily":"IBM Plex Sans","fontColor":"#252423","backgroundColor":"var(--colorBrandForeground2Pressed)","borderColor":"var(--colorBrandBackground2)","placeholder":"Type your document here...","borderRadius":4},"displayName":"Input","custom":{},"parent":"MainDocumentAreaContainer","hidden":false,"nodes":[],"linkedNodes":{}},"PageLayoutGridCell":{"type":{"resolvedName":"GridCell"},"isCanvas":true,"props":{"flexDirection":"row","justifyContent":"center","alignItems":"center","gap":10},"displayName":"GridCell","custom":{"id":"3"},"parent":"ROOT","hidden":false,"nodes":["PageLayoutContainer"],"linkedNodes":{}},"PageLayoutContainer":{"type":{"resolvedName":"Container"},"isCanvas":true,"props":{"height":100,"width":100,"flexDirection":"column","justifyContent":"space-around","alignItems":"center","gap":10,"backgroundColor":"#F3F2F1","borderRadius":5,"borderColor":"#E1DFDD","padding":5,"shadowColor":"rgba(0, 0, 0, 0.6)","shadowOffsetX":2,"shadowOffsetY":2,"shadowBlur":2},"displayName":"Container","custom":{},"parent":"PageLayoutGridCell","hidden":false,"nodes":["PageLayoutRadioButtons0"],"linkedNodes":{}},"PageLayoutRadioButtons0":{"type":{"resolvedName":"RadioButtons"},"isCanvas":false,"props":{"header":"","fontFamily":"IBM Plex Sans","numberOfButtons":2,"optionLabels":["Portrait","Landscape"],"fontSize":14,"fontColor":"#252423","direction":"column"},"displayName":"RadioButtons","custom":{},"parent":"PageLayoutContainer","hidden":false,"nodes":[],"linkedNodes":{}},"FontSettingsGridCell":{"type":{"resolvedName":"GridCell"},"isCanvas":true,"props":{"flexDirection":"row","justifyContent":"center","alignItems":"center","gap":10},"displayName":"GridCell","custom":{"id":"4"},"parent":"ROOT","hidden":false,"nodes":["FontSettingsContainer"],"linkedNodes":{}},"FontSettingsContainer":{"type":{"resolvedName":"Container"},"isCanvas":true,"props":{"height":100,"width":100,"flexDirection":"column","justifyContent":"space-around","alignItems":"center","gap":10,"backgroundColor":"#F3F2F1","borderRadius":5,"borderColor":"#E1DFDD","padding":5,"shadowColor":"rgba(0, 0, 0, 0.6)","shadowOffsetX":2,"shadowOffsetY":2,"shadowBlur":2},"displayName":"Container","custom":{},"parent":"FontSettingsGridCell","hidden":false,"nodes":["FontSettingsDropdown0","FontSettingsSlider1"],"linkedNodes":{}},"FontSettingsDropdown0":{"type":{"resolvedName":"Dropdown"},"isCanvas":false,"props":{"header":"","fontFamily":"IBM Plex Sans","optionLabels":["Arial","Times New Roman","Calibri"],"numberOfOptions":2,"fontSize":14,"fontColor":"#252423"},"displayName":"Dropdown","custom":{},"parent":"FontSettingsContainer","hidden":false,"nodes":[],"linkedNodes":{}},"FontSettingsSlider1":{"type":{"resolvedName":"Slider"},"isCanvas":false,"props":{"header":"Font Size","fontFamily":"IBM Plex Sans","min":0,"max":100,"step":1,"fontSize":14,"fontColor":"#252423","backgroundColor":"#41A5EE"},"displayName":"Slider","custom":{},"parent":"FontSettingsContainer","hidden":false,"nodes":[],"linkedNodes":{}},"FooterGridCell":{"type":{"resolvedName":"GridCell"},"isCanvas":true,"props":{"flexDirection":"row","justifyContent":"center","alignItems":"center","gap":10},"displayName":"GridCell","custom":{"id":"5"},"parent":"ROOT","hidden":false,"nodes":["FooterContainer"],"linkedNodes":{}},"FooterContainer":{"type":{"resolvedName":"Container"},"isCanvas":true,"props":{"height":100,"width":100,"flexDirection":"row","justifyContent":"space-around","alignItems":"center","gap":10,"backgroundColor":"#E1DFDD","borderRadius":5,"borderColor":"#C8C6C4","padding":5,"shadowColor":"rgba(0, 0, 0, 0.6)","shadowOffsetX":2,"shadowOffsetY":2,"shadowBlur":2},"displayName":"Container","custom":{},"parent":"FooterGridCell","hidden":false,"nodes":["FooterLabel0"],"linkedNodes":{}},"FooterLabel0":{"type":{"resolvedName":"Label"},"isCanvas":false,"props":{"text":"Status: Ready","fontSize":14,"fontFamily":"IBM Plex Sans","fontColor":"#252423","userEditable":true,"textAlign":"left","icon":"none","hyperlink":"","bold":false,"italic":false,"underline":false},"displayName":"Label","custom":{},"parent":"FooterContainer","hidden":false,"nodes":[],"linkedNodes":{}}}"`;

exports[`Layout Generation Orchestrator Test should generate a layout, transform it into a node tree, and validate it 1`] = `"{"ROOT":{"type":{"resolvedName":"Background"},"isCanvas":true,"props":{"rows":10,"columns":10,"lockedGrid":true,"backgroundColor":"#FFFFFF","layout":[{"i":"0","x":0,"y":0,"w":10,"h":1},{"i":"1","x":0,"y":1,"w":1,"h":9},{"i":"2","x":1,"y":1,"w":7,"h":7},{"i":"3","x":8,"y":1,"w":2,"h":3},{"i":"4","x":8,"y":4,"w":2,"h":2},{"i":"5","x":1,"y":8,"w":9,"h":2}]},"displayName":"Background","custom":{},"parent":null,"hidden":false,"nodes":[],"linkedNodes":{"0":"HeaderGridCell","1":"SidebarGridCell","2":"MainDocumentAreaGridCell","3":"PageLayoutGridCell","4":"FontSettingsGridCell","5":"FooterGridCell"}},"HeaderGridCell":{"type":{"resolvedName":"GridCell"},"isCanvas":true,"props":{"flexDirection":"row","justifyContent":"center","alignItems":"center","gap":10},"displayName":"GridCell","custom":{"id":"0"},"parent":"ROOT","hidden":false,"nodes":["HeaderContainer"],"linkedNodes":{}},"HeaderContainer":{"type":{"resolvedName":"Container"},"isCanvas":true,"props":{"height":100,"width":100,"flexDirection":"row","justifyContent":"space-around","alignItems":"center","gap":10,"backgroundColor":"#E1DFDD","borderRadius":5,"borderColor":"#C8C6C4","padding":5,"shadowColor":"rgba(0, 0, 0, 0.6)","shadowOffsetX":2,"shadowOffsetY":2,"shadowBlur":2},"displayName":"Container","custom":{},"parent":"HeaderGridCell","hidden":false,"nodes":["HeaderLabel0"],"linkedNodes":{}},"HeaderLabel0":{"type":{"resolvedName":"Label"},"isCanvas":false,"props":{"text":"Microsoft Word","fontSize":32,"fontFamily":"IBM Plex Sans","fontColor":"#252423","userEditable":true,"textAlign":"left","icon":"none","hyperlink":"","bold":true,"italic":false,"underline":false},"displayName":"Label","custom":{},"parent":"HeaderContainer","hidden":false,"nodes":[],"linkedNodes":{}},"SidebarGridCell":{"type":{"resolvedName":"GridCell"},"isCanvas":true,"props":{"flexDirection":"row","justifyContent":"center","alignItems":"center","gap":10},"displayName":"GridCell","custom":{"id":"1"},"parent":"ROOT","hidden":false,"nodes":["SidebarContainer"],"linkedNodes":{}},"SidebarContainer":{"type":{"resolvedName":"Container"},"isCanvas":true,"props":{"height":100,"width":100,"flexDirection":"column","justifyContent":"space-around","alignItems":"center","gap":10,"backgroundColor":"#F3F2F1","borderRadius":5,"borderColor":"#E1DFDD","padding":5,"shadowColor":"rgba(0, 0, 0, 0.6)","shadowOffsetX":2,"shadowOffsetY":2,"shadowBlur":2},"displayName":"Container","custom":{},"parent":"SidebarGridCell","hidden":false,"nodes":["SidebarIcon0","SidebarIcon1","SidebarIcon2"],"linkedNodes":{}},"SidebarIcon0":{"type":{"resolvedName":"Icon"},"isCanvas":false,"props":{"vscIcon":"VscComment","iconSize":32,"iconColor":"#2B579A","hyperlink":""},"displayName":"Icon","custom":{},"parent":"SidebarContainer","hidden":false,"nodes":[],"linkedNodes":{}},"SidebarIcon1":{"type":{"resolvedName":"Icon"},"isCanvas":false,"props":{"vscIcon":"VscFolder","iconSize":32,"iconColor":"#2B579A","hyperlink":""},"displayName":"Icon","custom":{},"parent":"SidebarContainer","hidden":false,"nodes":[],"linkedNodes":{}},"SidebarIcon2":{"type":{"resolvedName":"Icon"},"isCanvas":false,"props":{"vscIcon":"VscSettings","iconSize":32,"iconColor":"#2B579A","hyperlink":""},"displayName":"Icon","custom":{},"parent":"SidebarContainer","hidden":false,"nodes":[],"linkedNodes":{}},"MainDocumentAreaGridCell":{"type":{"resolvedName":"GridCell"},"isCanvas":true,"props":{"flexDirection":"row","justifyContent":"center","alignItems":"center","gap":10},"displayName":"GridCell","custom":{"id":"2"},"parent":"ROOT","hidden":false,"nodes":["MainDocumentAreaContainer"],"linkedNodes":{}},"MainDocumentAreaContainer":{"type":{"resolvedName":"Container"},"isCanvas":true,"props":{"height":100,"width":100,"flexDirection":"column","justifyContent":"space-around","alignItems":"center","gap":10,"backgroundColor":"#FFFFFF","borderRadius":5,"borderColor":"#D2D0CE","padding":5,"shadowColor":"rgba(0, 0, 0, 0.6)","shadowOffsetX":2,"shadowOffsetY":2,"shadowBlur":2},"displayName":"Container","custom":{},"parent":"MainDocumentAreaGridCell","hidden":false,"nodes":["MainDocumentAreaText0","MainDocumentAreaInput1"],"linkedNodes":{}},"MainDocumentAreaText0":{"type":{"resolvedName":"Text"},"isCanvas":false,"props":{"text":"Lorem ipsum dolor sit amet, consectetur adipiscing elit, sed do eiusmod tempor incididunt ut labore et dolore magna aliqua. Ut enim ad minim veniam, quis nostrud exercitation ullamco laboris nisi ut aliquip ex ea commodo consequat.","fontSize":14,"fontFamily":"IBM Plex Sans","fontColor":"#2B579A","textAlign":"left","bold":false,"italic":false,"underline":false,"hyperlink":"","userEditable":true},"displayName":"Text","custom":{},"parent":"MainDocumentAreaContainer","hidden":false,"nodes":[],"linkedNodes":{}},"MainDocumentAreaInput1":{"type":{"resolvedName":"Input"},"isCanvas":false,"props":{"fontSize":14,"fontFamily":"IBM Plex Sans","fontColor":"#252423","backgroundColor":"var(--colorBrandForeground2Pressed)","borderColor":"var(--colorBrandBackground2)","placeholder":"Type your document here...","borderRadius":4},"displayName":"Input","custom":{},"parent":"MainDocumentAreaContainer","hidden":false,"nodes":[],"linkedNodes":{}},"PageLayoutGridCell":{"type":{"resolvedName":"GridCell"},"isCanvas":true,"props":{"flexDirection":"row","justifyContent":"center","alignItems":"center","gap":10},"displayName":"GridCell","custom":{"id":"3"},"parent":"ROOT","hidden":false,"nodes":["PageLayoutContainer"],"linkedNodes":{}},"PageLayoutContainer":{"type":{"resolvedName":"Container"},"isCanvas":true,"props":{"height":100,"width":100,"flexDirection":"column","justifyContent":"space-around","alignItems":"center","gap":10,"backgroundColor":"#F3F2F1","borderRadius":5,"borderColor":"#E1DFDD","padding":5,"shadowColor":"rgba(0, 0, 0, 0.6)","shadowOffsetX":2,"shadowOffsetY":2,"shadowBlur":2},"displayName":"Container","custom":{},"parent":"PageLayoutGridCell","hidden":false,"nodes":["PageLayoutRadioButtons0"],"linkedNodes":{}},"PageLayoutRadioButtons0":{"type":{"resolvedName":"RadioButtons"},"isCanvas":false,"props":{"header":"","fontFamily":"IBM Plex Sans","numberOfButtons":2,"optionLabels":["Portrait","Landscape"],"fontSize":14,"fontColor":"#252423","direction":"column"},"displayName":"RadioButtons","custom":{},"parent":"PageLayoutContainer","hidden":false,"nodes":[],"linkedNodes":{}},"FontSettingsGridCell":{"type":{"resolvedName":"GridCell"},"isCanvas":true,"props":{"flexDirection":"row","justifyContent":"center","alignItems":"center","gap":10},"displayName":"GridCell","custom":{"id":"4"},"parent":"ROOT","hidden":false,"nodes":["FontSettingsContainer"],"linkedNodes":{}},"FontSettingsContainer":{"type":{"resolvedName":"Container"},"isCanvas":true,"props":{"height":100,"width":100,"flexDirection":"column","justifyContent":"space-around","alignItems":"center","gap":10,"backgroundColor":"#F3F2F1","borderRadius":5,"borderColor":"#E1DFDD","padding":5,"shadowColor":"rgba(0, 0, 0, 0.6)","shadowOffsetX":2,"shadowOffsetY":2,"shadowBlur":2},"displayName":"Container","custom":{},"parent":"FontSettingsGridCell","hidden":false,"nodes":["FontSettingsDropdown0","FontSettingsSlider1"],"linkedNodes":{}},"FontSettingsDropdown0":{"type":{"resolvedName":"Dropdown"},"isCanvas":false,"props":{"header":"","fontFamily":"IBM Plex Sans","optionLabels":["Arial","Times New Roman","Calibri"],"numberOfOptions":2,"fontSize":14,"fontColor":"#252423"},"displayName":"Dropdown","custom":{},"parent":"FontSettingsContainer","hidden":false,"nodes":[],"linkedNodes":{}},"FontSettingsSlider1":{"type":{"resolvedName":"Slider"},"isCanvas":false,"props":{"header":"Font Size","fontFamily":"IBM Plex Sans","min":0,"max":100,"step":1,"fontSize":14,"fontColor":"#252423","backgroundColor":"#41A5EE"},"displayName":"Slider","custom":{},"parent":"FontSettingsContainer","hidden":false,"nodes":[],"linkedNodes":{}},"FooterGridCell":{"type":{"resolvedName":"GridCell"},"isCanvas":true,"props":{"flexDirection":"row","justifyContent":"center","alignItems":"center","gap":10},"displayName":"GridCell","custom":{"id":"5"},"parent":"ROOT","hidden":false,"nodes":["FooterContainer"],"linkedNodes":{}},"FooterContainer":{"type":{"resolvedName":"Container"},"isCanvas":true,"props":{"height":100,"width":100,"flexDirection":"row","justifyContent":"space-around","alignItems":"center","gap":10,"backgroundColor":"#E1DFDD","borderRadius":5,"borderColor":"#C8C6C4","padding":5,"shadowColor":"rgba(0, 0, 0, 0.6)","shadowOffsetX":2,"shadowOffsetY":2,"shadowBlur":2},"displayName":"Container","custom":{},"parent":"FooterGridCell","hidden":false,"nodes":["FooterLabel0"],"linkedNodes":{}},"FooterLabel0":{"type":{"resolvedName":"Label"},"isCanvas":false,"props":{"text":"Status: Ready","fontSize":14,"fontFamily":"IBM Plex Sans","fontColor":"#252423","userEditable":true,"textAlign":"left","icon":"none","hyperlink":"","bold":false,"italic":false,"underline":false},"displayName":"Label","custom":{},"parent":"FooterContainer","hidden":false,"nodes":[],"linkedNodes":{}}}"`;
